Error tokenizing data. C error: Expected 1 fields in line 3, saw 2

Error tokenizing data. C error: Expected 1 fields in line 3, saw 2

Error tokenizing data. C error: Expected 1 fields in line 3, saw 2

unable to open database file
[Errno 2] No such file or directory: 'data/sample.py'
unable to open database file
